[www.domerama.com/index.html]
[www.domerama.com/xmlrpc.php]
[backblue.gif]
[fade.gif]
[index.html]
[www.domerama.com/wp-content/uploads/2012/07/favicon3.ico]
[www.domerama.com/feed/index.html]
[www.domerama.com/comments/feed/index.html]
[www.domerama.com/wp-includes/js/jquery/jquery3e5a.js]
[www.domerama.com/wp-includes/js/jquery/jquery-migrate.min1576.js]
[www.domerama.com/wp-content/plugins/nextgen-gallery/products/photocrati_nextgen/modules/ajax/static/ajaxa7a0.js]
[www.domerama.com/wp-content/plugins/sociable/js/sociablea7a0.js]
[www.domerama.com/wp-content/plugins/sociable/js/vuiblea7a0.js]
[www.domerama.com/wp-content/plugins/sociable/js/addtofavoritesa7a0.js]
[www.domerama.com/wp-content/themes/suffusion/scripts/suffusion946e.js]
[www.domerama.com/wp-includes/js/jquery/ui/jquery.ui.core.mindb08.js]
[www.domerama.com/wp-includes/js/jquery/ui/jquery.ui.widget.mindb08.js]
[www.domerama.com/wp-includes/js/jquery/ui/jquery.ui.tabs.mindb08.js]
[www.domerama.com/wp-includes/js/jquery/ui/jquery.ui.accordion.mindb08.js]
[www.domerama.com/wp-includes/js/jquery/ui/jquery.ui.mouse.mindb08.js]
[www.domerama.com/wp-includes/js/jquery/ui/jquery.ui.resizable.mindb08.js]
[www.domerama.com/wp-includes/js/jquery/ui/jquery.ui.draggable.mindb08.js]
[www.domerama.com/wp-includes/js/jquery/ui/jquery.ui.button.mindb08.js]
[www.domerama.com/wp-includes/js/jquery/ui/jquery.ui.position.mindb08.js]
[www.domerama.com/wp-includes/js/jquery/ui/jquery.ui.dialog.mindb08.js]
[www.domerama.com/wp-includes/js/jquery/ui/jquery.ui.sortable.mindb08.js]
[www.domerama.com/wp-content/plugins/wp-ui/js/wp-ui6f86.js]
[www.domerama.com/wp-content/plugins/nextgen-scrollgallery/scrollGallery/js/mootools-core-1.3.2-full-compat9e1e.js]
[www.domerama.com/wp-content/plugins/nextgen-scrollgallery/scrollGallery/js/scrollGallery2f3e.js]
[www.domerama.com/index56aa.html]
[www.domerama.com/wp-content/plugins/nextgen-scrollgallery/scrollGallery/js/powertools-mobile-1.1.1c64e.js]
[www.domerama.com/wp-content/plugins/wp-click-info/wp-click-info.js5152.html]
[www.domerama.com/xmlrpc0db0.php]
[apis.google.com/js/plusone.js]
[www.domerama.com/wp-content/plugins/wp-polls/images/default_gradient/pollbg.gif]
[www.google-analytics.com/plugins/ga/inpage_linkid.js]
[www.domerama.com/wp-content/uploads/2013/03/geodesic_plans_banner2.jpg]
[www.domerama.com/wp-content/themes/suffusion/images/home-light.png]
[www.domerama.com/wp-content/uploads/2013/08/pacific_domes_top_discount_banner.jpg]
[www.domerama.com/calculators/index.html]
[www.domerama.com/wp-content/uploads/2012/12/h_yurt.2e.delayed]
[www.domerama.com/wp-content/uploads/2012/12/h_calculatora.jpg]
[www.domerama.com/calculators/1v-geodesic-dome-calculator/index.html]
[www.domerama.com/calculators/2v-geodesic-dome-calculator/index.html]
[www.domerama.com/wp-content/uploads/2013/01/h_diy.jpg]
[www.domerama.com/calculators/3v-geodesic-dome-calculator/index.html]
[www.domerama.com/calculators/4v-geodesic-dome-calculator/index.html]
[www.domerama.com/wp-content/uploads/2012/12/h_eden.jpg]
[www.domerama.com/calculators/5v-geodesic-dome-calculator/index.html]
[www.domerama.com/calculators/6v-geodesic-dome-calculator/index.html]
[www.domerama.com/wp-content/uploads/2013/01/h_hexayurts.jpg]
[www.domerama.com/calculators/cover-templates-for-3v-59-geodesic-dome/index.html]
[www.domerama.com/wp-content/uploads/2012/12/h_geodesic_basics.jpg]
[www.domerama.com/calculators/trapezium/index.html]
[www.domerama.com/wp-content/uploads/2012/12/h_burningman.jpg]
[www.domerama.com/calculators/octahedral-5v-mexican-method/index.html]
[www.domerama.com/calculators/cover-pattern/index.html]
[www.domerama.com/calculators/chord-charts/index.html]
[www.domerama.com/calculators/metric-conversion/index.html]
[www.domerama.com/wp-content/uploads/2012/12/h_zero_budget_dome.jpg]
[www.domerama.com/calculators/steel-tubing-weight/index.html]
[www.domerama.com/calculators/seating-capacity/index.html]
[www.domerama.com/wp-content/uploads/2012/12/h_straw_dome.jpg]
[www.domerama.com/general/index.html]
[www.domerama.com/wp-content/uploads/2012/12/h_biggest_domes.jpg]
[www.domerama.com/calculators/geodesic-analysis/index.html]
[www.domerama.com/general/geodesic-dome-projection/index.html]
[www.domerama.com/general/images/index.html]
[www.domerama.com/wp-content/uploads/2012/12/h_connector.jpg]
[www.domerama.com/general/smart-but-not-wise/index.html]
[www.domerama.com/general/what-is-burning-man/index.html]
[www.domerama.com/wp-content/uploads/2012/12/h_randome.jpg]
[www.domerama.com/general/videos/index.html]
[www.domerama.com/general/what-is-sacred-geometry/index.html]
[www.domerama.com/wp-content/uploads/2013/01/h_greenhouses.jpg]
[www.domerama.com/general/what-is-the-eden-project/index.html]
[www.domerama.com/dome-basics/index.html]
[www.domerama.com/general/worlds-largest-domes/index.html]
[www.domerama.com/dome-basics/classes-of-domes/index.html]
[www.domerama.com/wp-content/uploads/2012/12/h_geo_model.jpg]
[www.domerama.com/dome-basics/explaining-dome-frequency/index.html]
[www.domerama.com/dome-basics/domebook-1-2/index.html]
[www.domerama.com/wp-content/uploads/2012/12/h_projection.jpg]
[www.domerama.com/wp-content/uploads/2012/12/h_59_cover_calc.jpg]
[www.domerama.com/dome-basics/explaining-strut-length-vertex/index.html]
[www.domerama.com/wp-content/uploads/2013/02/h_event_domes2.jpg]
[www.domerama.com/dome-basics/geodesic-glossary/index.html]
[www.domerama.com/dome-basics/geodesic-dome-hub-connectors/index.html]
[www.domerama.com/wp-content/uploads/2012/12/h_paper_models.jpg]
[www.domerama.com/dome-basics/geodesic-patents/index.html]
[www.domerama.com/dome-basics/odd-frequency-geodesic-domes-and-flat-base-at-the-hemisphere/index.html]
[www.domerama.com/wp-content/uploads/2013/01/h_free_plans.jpg]
[www.domerama.com/dome-basics/steel-glossary/index.html]
[www.domerama.com/technical/index.html]
[www.domerama.com/wp-content/uploads/2012/12/h_yurt_models.jpg]
[www.domerama.com/technical/clintons-equal-central-angle-conjecture/index.html]
[www.domerama.com/technical/structural-analysis-of-geodesic-domes/index.html]
[www.domerama.com/wp-content/uploads/2012/12/h_geodesic_software.jpg]
[www.domerama.com/coverings/index.html]
[www.domerama.com/coverings/etfe/index.html]
[www.domerama.com/wp-content/uploads/2013/02/h_innovations_with_domes.jpg]
[www.domerama.com/coverings/canvas-tarps/index.html]
[www.domerama.com/coverings/woven-poly/index.html]
[www.domerama.com/wp-content/uploads/2012/12/h_dome_plans.jpg]
[www.domerama.com/coverings/aluminet/index.html]
[www.domerama.com/coverings/shrink-wrap/index.html]
[www.domerama.com/coverings/plastic-film/index.html]
[www.domerama.com/wp-content/uploads/2012/12/h_sketchup_geodesic_models.jpg]
[www.domerama.com/coverings/tyvek/index.html]
[www.domerama.com/wp-content/uploads/2012/12/h_earth_buildings.jpg]
[www.domerama.com/wp-content/uploads/2013/10/snowflake_dome_closed.jpg]
[www.domerama.com/coverings/plywood-osb/index.html]
[www.domerama.com/coverings/shingles/index.html]
[www.domerama.com/coverings/polycarbonate-panels/index.html]
[www.domerama.com/wp-content/uploads/2013/10/snowflake_dome_open.jpg]
[www.domerama.com/coverings/parachute/index.html]
[www.domerama.com/types-of-domes/index.html]
[www.domerama.com/wp-content/uploads/2013/10/snowflake_dome_on_balcony.jpg]
[www.domerama.com/types-of-domes/bamboo/index.html]
[www.domerama.com/types-of-domes/earth-buildings/index.html]
[www.domerama.com/wp-content/uploads/2013/10/snowflake_gold_version.jpg]
[www.domerama.com/types-of-domes/geodesic-hotel/index.html]
[www.domerama.com/wp-content/plugins/sociable/images/more.png]
[www.domerama.com/types-of-domes/glass-geodesic-domes/index.html]
[www.domerama.com/wp-content/plugins/sociable/images/closelabel.png]
[www.domerama.com/types-of-domes/greenhouses/index.html]
[www.domerama.com/wp-content/uploads/2013/10/tactiledome_0.jpg]
[www.domerama.com/types-of-domes/hexayurts/index.html]
[www.domerama.com/wp-content/uploads/2013/08/burning_man_2013_webcast.jpg]
[www.domerama.com/wp-content/uploads/2013/03/pentakis_highrpo.jpg]
[www.domerama.com/types-of-domes/pillow-dome/index.html]
[www.domerama.com/wp-content/uploads/2013/03/nebg_dome1.jpg]
[www.domerama.com/types-of-domes/geodesic-pool-domes/index.html]
[www.domerama.com/wp-content/uploads/2013/07/geodesic_dome_plans_no_special_tools.jpg]
[www.domerama.com/types-of-domes/randomes/index.html]
[www.domerama.com/wp-content/uploads/2013/03/Jan_gd27_half.jpg]
[www.domerama.com/types-of-domes/straw-bale-dome/index.html]
[www.domerama.com/wp-content/uploads/2012/03/george_geodesic_greenhouse_banner_1.jpg]
[www.domerama.com/types-of-domes/yurts/index.html]
[www.domerama.com/wp-content/uploads/2013/04/plans_side_1.jpg]
[www.domerama.com/types-of-domes/event-domes-2/index.html]
[www.domerama.com/wp-content/uploads/2013/08/side_plan_collection_1.jpg]
[www.domerama.com/raising-a-dome/index.html]
[www.domerama.com/raising-a-dome/equipment-and-machines/index.html]
[pagead2.googlesyndication.com/pagead/f.txt]
[www.domerama.com/raising-a-dome/foundation/index.html]
[www.domerama.com/wp-content/uploads/2012/11/loogixpd1.gif]
[www.domerama.com/raising-a-dome/wood-deck/index.html]
[www.domerama.com/raising-a-dome/interview-econodome/index.html]
[www.domerama.com/wp-content/plugins/wp-polls/images/loading.gif]
[www.domerama.com/raising-a-dome/assembly-diagrams/index.html]
[www.domerama.com/wp-content/uploads/2013/03/octa_museum.jpg]
[www.domerama.com/raising-a-dome/gum-pole-geodesic-dome-in-zimbabwe/index.html]
[www.domerama.com/wp-content/plugins/contact-form-7/includes/js/jquery.form.mind16f.js]
[www.domerama.com/raising-a-dome/geodesic-domes-and-assembly-times/index.html]
[www.domerama.com/raising-a-dome/geodesic-dome-on-zero-budget/index.html]
[www.domerama.com/wp-content/plugins/contact-form-7/includes/js/scripts1aae.js]
[www.domerama.com/raising-a-dome/concrete-geodesic-dome-foundation-example/index.html]
[www.domerama.com/raising-a-dome/bear-creek-geodesic-dome-construction/index.html]
[www.domerama.com/fabricating/index.html]
[www.domerama.com/wp-content/plugins/wp-polls/polls-js4d49.js]
[www.domerama.com/index.html]
[www.domerama.com/fabricating/4v-timber-dome-construction/index.html]
[www.domerama.com/fabricating/bolts/index.html]
[www.domerama.com/wp-content/plugins/nextgen-gallery/products/photocrati_nextgen/modules/nextgen_gallery_display/static/nextgen_gallery_related_imagesa7a0.css]
[www.domerama.com/fabricating/color-coding/index.html]
[www.domerama.com/fabricating/diy-projects/index.html]
[www.domerama.com/fabricating/build-a-yurt-model/index.html]
[www.domerama.com/fabricating/dome-builders-blues/index.html]
[www.domerama.com/wp-content/plugins/sociable/images/sprites/option1_32.png]
[www.domerama.com/fabricating/making-geodesic-models/index.html]
[www.domerama.com/fabricating/making-doors/index.html]
[www.domerama.com/wp-content/plugins/sociable/images/sprites/option1_16.png]
[www.domerama.com/fabricating/making-the-struts/index.html]
[www.domerama.com/wp-content/plugins/sociable/images/sprites/option1_64.png]
[www.domerama.com/wp-content/plugins/sociable/images/sprites/option1_48.png]
[www.domerama.com/fabricating/the-diy-yummy-yuletide-yurt/index.html]
[www.domerama.com/fabricating/equipment-and-machines/index.html]
[www.domerama.com/wp-content/plugins/sociable/images/sprites/option2_32.png]
[www.domerama.com/software/index.html]
[www.domerama.com/software/dome-projection-software/index.html]
[www.domerama.com/wp-content/plugins/sociable/images/sprites/option2_16.png]
[www.domerama.com/wp-content/plugins/sociable/images/sprites/option2_64.png]
[www.domerama.com/software/geodesic-dome-framing-with-sketchup/index.html]
[www.domerama.com/wp-content/plugins/sociable/images/sprites/option2_48.png]
[www.domerama.com/software/geodesic-software/index.html]
[www.domerama.com/software/sketchup-3d-models/index.html]
[www.domerama.com/software/sketchup-3d-geodesic-tutorial/index.html]
[www.domerama.com/wp-content/plugins/sociable/images/sprites/option3_32.png]
[www.domerama.com/software/sketchup-yurt-models/index.html]
[www.domerama.com/wp-content/plugins/sociable/images/sprites/option3_16.png]
[www.domerama.com/software/sketchup-stadiums-arenas/index.html]
[www.domerama.com/wp-content/plugins/sociable/images/sprites/option3_64.png]
[www.domerama.com/contact/index.html]
[www.domerama.com/wp-content/plugins/sociable/images/sprites/option3_48.png]
[www.domerama.com/links/index.html]
[www.domerama.com/wp-content/plugins/sociable/images/sprites/option4_32.png]
[www.domerama.com/fabricating/making-geodesic-models/geodesic-paper-dome/index.html]
[www.domerama.com/innovations-with-domes/index.html]
[www.domerama.com/wp-content/plugins/sociable/images/sprites/option4_16.png]
[www.domerama.com/wp-content/plugins/sociable/images/sprites/option4_64.png]
[www.domerama.com/geodesic-dome-plans/index.html]
[www.domerama.com/snowflake-geodesic-dome-for-the-holidays/index.html]
[www.domerama.com/the-tactile-dome-reopens-on-october-30-2013/index.html]
[www.domerama.com/wp-content/plugins/sociable/images/sprites/option4_48.png]
[www.domerama.com/burning-man-2013-is-here-and-on-webcast/index.html]
[www.domerama.com/new-pentakis-greenhouse-dome-plan-available/index.html]
[www.domerama.com/wp-content/plugins/sociable/images/sprites/option5_32.png]
[www.domerama.com/geodesic-domes-and-covers/index.html]
[www.domerama.com/fabricating/diy-projects/georges-geodesic-greenhouse-project/index.html]
[www.domerama.com/wp-content/plugins/sociable/images/sprites/option5_16.png]
[www.domerama.com/wp-content/plugins/sociable/images/sprites/option5_64.png]
[www.domerama.com/wp-content/plugins/sociable/images/sprites/option5_48.png]
[www.domerama.com/wp-content/plugins/sociable/css/sociablea7a0.css]
[www.domerama.com/wp-content/plugins/contact-form-7/includes/css/styles1aae.css]
[www.domerama.com/wp-content/plugins/wp-polls/polls-css4d49.css]
[www.domerama.com/wp-content/themes/suffusion/images/blockquote-l.png]
[www.domerama.com/wp-content/themes/suffusion/images/blockquote-r.png]
[www.domerama.com/wp-content/themes/suffusion/images/arrows.gif]
[www.domerama.com/page/2/index.html]
[www.domerama.com/wp-content/themes/suffusion/images/icons/calendar_date.png]
[www.domerama.com/wp-content/themes/suffusion/images/icons/comment.png]
[www.domerama.com/wp-content/themes/suffusion/images/icons/comments.png]
[www.domerama.com/wp-content/themes/suffusion/images/right_arrow.png]
[www.domerama.com/wp-content/themes/suffusion/images/icons/byline-icons.png]
[www.domerama.com/wp-content/themes/suffusion/style946e.css]
[www.domerama.com/wp-content/themes/suffusion/images/exp-coll-gray.png]
[www.domerama.com/wp-content/themes/suffusion/images/exp-coll-gray.gif]
[www.domerama.com/wp-content/themes/suffusion/images/bg-gray-1.png]
[www.domerama.com/wp-content/themes/suffusion/images/search-button-gray-1.png]
[www.domerama.com/wp-content/themes/suffusion/images/search-button-gray-1.gif]
[www.domerama.com/wp-content/themes/suffusion/images/calgray-1.png]
[www.domerama.com/wp-content/themes/suffusion/images/icons/bulletgray.png]
[www.domerama.com/wp-content/themes/suffusion/images/icons/folder-gray16.png]
[www.domerama.com/wp-content/themes/suffusion/images/icons/008.png]
[www.domerama.com/wp-content/themes/suffusion/images/slider-gray.png]
[www.domerama.com/wp-content/themes/suffusion/images/slider-black.png]
[www.domerama.com/wp-content/themes/suffusion/skins/light-theme-gray-1/skin946e.css]
[www.domerama.com/wp-content/themes/suffusion/rounded-corners946e.css]
[www.domerama.com/wp-content/uploads/2013/03/thin_domerama_blue_long_with_glow_2.jpg]
[www.domerama.com/wp-content/themes/suffusion/images/iconset-0.png]
[www.domerama.com/indexe6f6.html]
[www.domerama.com/wp-content/plugins/nextgen-scrollgallery/scrollGallery/css/scrollGalleryc245.css]
[www.domerama.com/wp-content/plugins/nextgen-scrollgallery/scrollGallery/css/scrollGallery_noDesignc245.css]
[www.domerama.com/wp-content/plugins/nextgen-scrollgallery/scrollGallery/ajax-loader.gif]
[www.domerama.com/wp-content/plugins/wp-click-info/ext.gif]
[www.domerama.com/wp-content/plugins/wp-click-info/wp-click-infoa7a0.css]
[www.domerama.com/wp-content/plugins/wp-ui/images/ui-icons.png]
[www.domerama.com/wp-content/plugins/wp-ui/images/ui-icons-white.png]
[www.domerama.com/wp-content/plugins/wp-ui/css/wp-uia7a0.css]
[www.domerama.com/wp-content/plugins/wp-ui/css/themes/images/close-dark.png]
[www.domerama.com/wp-content/plugins/wp-ui/css/themes/wpui-lighta7a0.css]
[www.domerama.com/wp-content/plugins/wp-ui/css/themes/images/close-light.png]
[www.domerama.com/wp-content/plugins/wp-ui/css/themes/images/dark-resize-se.png]
[www.domerama.com/wp-content/plugins/wp-ui/css/themes/images/gradients/alma-grad.png]
[www.domerama.com/wp-content/plugins/wp-ui/css/themes/images/gradients/alma-grad-hover.png]
[www.domerama.com/wp-content/plugins/wp-ui/css/themes/images/close-mac-default.png]
[www.domerama.com/wp-content/plugins/wp-ui/css/themes/images/close-mac-hover.png]
[www.domerama.com/wp-content/plugins/wp-ui/css/themes/images/close-widget-aero-1.png]
[www.domerama.com/wp-content/plugins/wp-ui/css/css6557.css]
[www.domerama.com/wp-content/plugins/wp-click-info/wp-click-info.js5152.html]
[www.domerama.com/wp-includes/wlwmanifest.html]
[www.domerama.com/wp-includes/js/comment-reply.mina7a0.js]
[www.domerama.com/wp-content/uploads/2011/12/fi_1v-90x90.jpg]
[www.domerama.com/wp-content/uploads/2011/12/2v_calc-67x90.jpg]
[www.domerama.com/wp-content/uploads/2011/12/3v_58_assembly-105x90.jpg]
[www.domerama.com/wp-content/uploads/2011/12/4v_assembly1-120x81.jpg]
[www.domerama.com/wp-content/uploads/2011/12/5v_calc-67x90.jpg]
[www.domerama.com/wp-content/uploads/2011/12/6v_calc1-65x90.jpg]
[www.domerama.com/wp-content/uploads/2012/10/gore_calculations2-91x90.jpg]
[www.domerama.com/wp-content/uploads/2012/06/mexican_method_5v_assembly_diagram_2-108x90.jpg]
[www.domerama.com/wp-content/uploads/2011/12/thumb_trapezium-90x90.jpg]
[www.domerama.com/wp-content/uploads/2011/11/thumb_cover_pattern-90x90.jpg]
[www.domerama.com/wp-content/uploads/2011/11/thumb_chord_chart-90x90.jpg]
[www.domerama.com/wp-content/uploads/2011/11/thumb_metric_conversion-90x90.jpg]
[www.domerama.com/wp-content/uploads/2011/11/thumb_weight-90x90.jpg]
[www.domerama.com/wp-content/uploads/2011/11/thumb_capacity-90x90.jpg]
[www.domerama.com/wp-content/uploads/2012/08/Geodesic-Analysis-overturning-120x71.jpg]
[www.domerama.com/calculators/index.html]
[www.domerama.com/wp-content/uploads/2011/12/calculators_button.png]
[www.domerama.com/wp-content/uploads/2011/12/1v_calc.jpg]
[www.domerama.com/wp-content/uploads/2011/12/strut_extra_length_small.jpg]
[www.domerama.com/wp-content/uploads/2011/12/radius-spherical_floor.jpg]
[www.domerama.com/wp-content/uploads/2011/12/dhub26.jpg]
[www.domerama.com/wp-content/uploads/2011/12/56.jpg]
[www.domerama.com/wp-content/uploads/2011/12/45.jpg]
[www.domerama.com/wp-content/uploads/2011/12/dhub8.jpg]
[www.domerama.com/wp-content/uploads/2011/12/bolts7.jpg]
[www.domerama.com/wp-content/uploads/2011/12/nuts7.jpg]
[www.domerama.com/wp-content/uploads/2011/12/washers7.jpg]
[www.domerama.com/wp-content/uploads/2011/12/anchors6.jpg]
[www.domerama.com/calculators/1v-geodesic-dome-calculator/index.html]
[www.domerama.com/wp-content/uploads/2011/12/2v_calc.jpg]
[www.domerama.com/calculators/2v-geodesic-dome-calculator/2v-assembly-diagram/index.html]
[www.domerama.com/wp-content/uploads/2011/12/dhub25.jpg]
[www.domerama.com/wp-content/uploads/2011/12/610.jpg]
[www.domerama.com/wp-content/uploads/2011/12/564.jpg]
[www.domerama.com/wp-content/uploads/2011/12/410.jpg]
[www.domerama.com/wp-content/uploads/2011/12/dhub7.jpg]
[www.domerama.com/wp-content/uploads/2011/12/bolts6.jpg]
[www.domerama.com/wp-content/uploads/2011/12/nuts6.jpg]
[www.domerama.com/wp-content/uploads/2011/12/washers6.jpg]
[www.domerama.com/wp-content/uploads/2011/12/anchors5.jpg]
[www.domerama.com/wp-content/uploads/2012/01/2v_assembly_large.jpg]
[www.domerama.com/calculators/2v-geodesic-dome-calculator/index.html]
[www.domerama.com/wp-content/uploads/2012/02/calc3_1.jpg]
[www.domerama.com/calculators/3v-geodesic-dome-calculator/3v-38-geodesic-dome-calculator/index.html]
[www.domerama.com/wp-content/uploads/2012/02/calc3_2.jpg]
[www.domerama.com/wp-content/uploads/2012/02/calc2_3.jpg]
[www.domerama.com/wp-content/uploads/2012/03/calc3_k58.jpg]
[www.domerama.com/calculators/3v-geodesic-dome-calculator/3v-38-flat-base-krushke-calculator/index.html]
[www.domerama.com/wp-content/uploads/2011/12/3v_58+assembly-300x254.jpg]
[www.domerama.com/calculators/3v-geodesic-dome-calculator/3v-flat-base-815-kruschke-calculator/index.html]
[www.domerama.com/wp-content/uploads/2011/12/dhub24.jpg]
[www.domerama.com/calculators/3v-geodesic-dome-calculator/3v-58-assembly-diagram/index.html]
[www.domerama.com/wp-content/uploads/2011/12/640.jpg]
[www.domerama.com/wp-content/uploads/2011/12/562.jpg]
[www.domerama.com/wp-content/uploads/2012/02/415.jpg]
[www.domerama.com/wp-content/uploads/2011/12/dhub6.jpg]
[www.domerama.com/wp-content/uploads/2011/12/bolts5.jpg]
[www.domerama.com/wp-content/uploads/2011/12/nuts5.jpg]
[www.domerama.com/wp-content/uploads/2011/12/washers5.jpg]
[www.domerama.com/wp-content/uploads/2011/12/anchors4.jpg]
[www.domerama.com/wp-content/uploads/2011/12/3v_58_assembly.jpg]
[www.domerama.com/calculators/3v-geodesic-dome-calculator/index.html]
[www.domerama.com/wp-content/uploads/2012/03/calc4_12_method1.jpg]
[www.domerama.com/wp-content/uploads/2012/03/calc4_kruschke_5_12.jpg]
[www.domerama.com/calculators/4v-geodesic-dome-calculator/4v-512-kruschke-geodesic-dome-calculator/index.html]
[www.domerama.com/wp-content/uploads/2012/03/calc4_kruschke_7_12.jpg]
[www.domerama.com/calculators/4v-geodesic-dome-calculator/4v-712-kruschke-geodesic-dome-calculator/index.html]
[www.domerama.com/wp-content/uploads/2011/12/4v_calc.jpg]
[www.domerama.com/calculators/4v-geodesic-dome-calculator/4v-assembly-diagram/index.html]
[www.domerama.com/wp-content/uploads/2011/12/dhub23.jpg]
[www.domerama.com/wp-content/uploads/2011/12/665.jpg]
[www.domerama.com/wp-content/uploads/2011/12/420.jpg]
[www.domerama.com/wp-content/uploads/2011/12/dhub5.jpg]
[www.domerama.com/wp-content/uploads/2011/12/bolts4.jpg]
[www.domerama.com/wp-content/uploads/2011/12/nuts4.jpg]
[www.domerama.com/wp-content/uploads/2011/12/washers4.jpg]
[www.domerama.com/wp-content/uploads/2011/12/anchors3.jpg]
[www.domerama.com/wp-content/uploads/2011/12/4v_assembly1.jpg]
[www.domerama.com/calculators/4v-geodesic-dome-calculator/index.html]
[www.domerama.com/wp-content/uploads/2011/12/5v_calc.jpg]
[www.domerama.com/wp-content/uploads/2011/12/dhub22.jpg]
[www.domerama.com/calculators/5v-geodesic-dome-calculator/5v-38-geodesic-dome-calculator/index.html]
[www.domerama.com/calculators/5v-geodesic-dome-calculator/5v-58-assembly-diagram/index.html]
[www.domerama.com/wp-content/uploads/2011/12/6120.jpg]
[www.domerama.com/wp-content/uploads/2011/12/561.jpg]
[www.domerama.com/wp-content/uploads/2011/12/425.jpg]
[www.domerama.com/wp-content/uploads/2011/12/dhub4.jpg]
[www.domerama.com/wp-content/uploads/2011/12/bolts3.jpg]
[www.domerama.com/wp-content/uploads/2011/12/nuts3.jpg]
[www.domerama.com/wp-content/uploads/2011/12/washers3.jpg]
[www.domerama.com/wp-content/uploads/2011/12/anchors2.jpg]
[www.domerama.com/wp-content/uploads/2011/12/5v_assembly1.jpg]
[www.domerama.com/calculators/5v-geodesic-dome-calculator/index.html]
[www.domerama.com/wp-content/uploads/2011/12/6v_calc11.jpg]
[www.domerama.com/calculators/6v-geodesic-dome-calculator/6v-assembly-diagram/index.html]
[www.domerama.com/wp-content/uploads/2011/12/dhub21.jpg]
[www.domerama.com/wp-content/uploads/2011/12/hub61.jpg]
[www.domerama.com/wp-content/uploads/2011/12/hub51.jpg]
[www.domerama.com/wp-content/uploads/2011/12/hub41.jpg]
[www.domerama.com/wp-content/uploads/2011/12/dhub1.jpg]
[www.domerama.com/wp-content/uploads/2011/12/bolts1.jpg]
[www.domerama.com/wp-content/uploads/2011/12/nuts1.jpg]
[www.domerama.com/wp-content/uploads/2011/12/washers1.jpg]
[www.domerama.com/wp-content/uploads/2011/12/strut_extra_length_small1.jpg]
[www.domerama.com/wp-content/uploads/2011/12/anchors1.jpg]
[www.domerama.com/wp-content/uploads/2011/12/6v_assembly1.jpg]
[www.domerama.com/calculators/6v-geodesic-dome-calculator/index.html]
[www.domerama.com/fabricating/making-geodesic-models/floret-tessellation-sphere/index.html]
[www.domerama.com/wp-content/uploads/2012/10/59_section.jpg]
[www.domerama.com/calculators/cover-templates-for-3v-59-geodesic-dome/cover-template-for-a-10-foot-3v-59-geodesic-dome/index.html]
[www.domerama.com/wp-content/uploads/2012/10/gore_calculations2-300x295.jpg]
[www.domerama.com/wp-content/uploads/2012/10/59_pattern_1.jpg]
[www.domerama.com/wp-content/uploads/2012/10/59_pattern_1-300x241.jpg]
[www.domerama.com/wp-content/uploads/2012/10/59_pattern_2.jpg]
[www.domerama.com/wp-content/uploads/2012/10/59_pattern_2-300x256.jpg]
[www.domerama.com/wp-content/uploads/2011/11/geodesic_cover_grommets.jpg]
[www.domerama.com/wp-content/uploads/2011/11/geodesic_cover_grommets-1024x779.jpg]
[www.domerama.com/wp-content/uploads/2012/10/59_distance_chart.jpg]
[www.domerama.com/wp-content/plugins/simple-lightbox/client/js/lib.core53cf.js]
[www.domerama.com/wp-content/plugins/simple-lightbox/client/js/lib.view53cf.js]
[www.domerama.com/wp-content/plugins/simple-lightbox/themes/baseline/client53cf.js]
[www.domerama.com/wp-content/plugins/simple-lightbox/themes/default/client53cf.js]
[www.domerama.com/wp-content/plugins/simple-lightbox/template-tags/item/tag.item53cf.js]
[www.domerama.com/wp-content/plugins/simple-lightbox/template-tags/ui/tag.ui53cf.js]
[www.domerama.com/wp-content/plugins/simple-lightbox/content-handlers/image/handler.image53cf.js]
[www.domerama.com/calculators/cover-templates-for-3v-59-geodesic-dome/index.html]
[www.domerama.com/wp-content/uploads/2012/06/mexican_method_5v_assembly_diagram_2-300x249.jpg]
[www.domerama.com/wp-content/uploads/2012/06/dhub2.jpg]
[www.domerama.com/calculators/3v-geodesic-dome-calculator/making-a-timber-kruschke-dome/index.html]
[www.domerama.com/wp-content/uploads/2011/12/hub6.jpg]
[www.domerama.com/calculators/5v-geodesic-dome-calculator/5v-mexican-method-assembly-diagram/index.html]
[www.domerama.com/wp-content/uploads/2012/06/dhub.jpg]
[www.domerama.com/wp-content/uploads/2012/06/bolts.jpg]
[www.domerama.com/wp-content/uploads/2012/06/nuts.jpg]
[www.domerama.com/wp-content/uploads/2012/06/washers.jpg]
[www.domerama.com/calculators/octahedral-5v-mexican-method/index.html]
[www.domerama.com/wp-content/uploads/2011/12/trapezium-4-row-16-sector-E-300x263.jpg]
[www.domerama.com/wp-content/uploads/2011/12/trapezium_top_small.jpg]
[www.domerama.com/wp-content/uploads/2011/12/strut_extra_length_small2.jpg]
[www.domerama.com/wp-content/uploads/2011/12/dhub3.jpg]
[www.domerama.com/wp-content/uploads/2011/12/bolts2.jpg]
[www.domerama.com/wp-content/uploads/2011/12/nuts2.jpg]
[www.domerama.com/wp-content/uploads/2011/12/washers2.jpg]
[www.domerama.com/wp-content/uploads/2011/12/trapezium_assembly2.jpg]
[www.domerama.com/wp-content/uploads/2011/12/trapezium_panels_21.jpg]
[www.domerama.com/calculators/trapezium/index.html]
[www.domerama.com/wp-content/uploads/2011/11/dome_gore_calculator.zip]
[www.domerama.com/wp-content/uploads/2011/11/dome_gore_calculator.rar]
[www.domerama.com/wp-content/uploads/2011/11/dome_gore_calculator.xls]
[www.domerama.com/wp-content/uploads/2011/11/geodesic_gore_cal_metric.zip]
[www.domerama.com/wp-content/uploads/2011/11/geodesic_gore_cal_metric.rar]
[www.domerama.com/wp-content/uploads/2011/11/geodesic_gore_cal_metric.xls]
[www.domerama.com/wp-content/uploads/2011/11/dome_cover_calculator.jpg]
[www.domerama.com/wp-content/uploads/2012/11/phtod_dome__cover_assembly_11.jpg]
[www.domerama.com/calculators/cover-pattern/index.html]
[www.domerama.com/wp-content/uploads/2011/11/simply_different_org.jpg]
[www.domerama.com/calculators/chord-charts/index.html]
[www.domerama.com/calculators/metric-conversion/index.html]
[www.domerama.com/calculators/steel-tubing-weight/index.html]
[www.domerama.com/wp-content/uploads/2011/11/seating_conference.jpg]
[www.domerama.com/wp-content/uploads/2011/11/seating_dining.jpg]
[www.domerama.com/wp-content/uploads/2011/11/seating_dancing.jpg]
[www.domerama.com/calculators/seating-capacity/index.html]
[www.domerama.com/wp-content/uploads/2012/08/BL191104B-Geodesic-Analysis1.pdf]
[www.domerama.com/dome-basics/geodesic-dome-hub-connectors/domedimensions-geodesic-hubs/index.html]
[www.domerama.com/wp-content/uploads/2012/08/Geodesic-Analysis-figure-1-1024x498.jpg]
[www.domerama.com/dome-basics/geodesic-dome-hub-connectors/andrei-saveliev-hub-system/index.html]
[www.domerama.com/wp-content/uploads/2012/08/geodesic-analysis-figure-2.jpg]
[www.domerama.com/wp-content/uploads/2012/08/Geodesic-Analysis-table-1.jpg]
[www.domerama.com/wp-content/uploads/2012/08/Geodesic-Analysis-table-2.jpg]
[www.domerama.com/wp-content/uploads/2012/08/Geodesic-Analysis-table-3.jpg]
[www.domerama.com/wp-content/uploads/2012/08/Geodesic-Analysis-table-4.jpg]
[www.domerama.com/wp-content/uploads/2012/08/Geodesic-Analysis-figure-3-table-5.jpg]
[www.domerama.com/wp-content/uploads/2012/08/Geodesic-Analysis-figure-6.jpg]
[www.domerama.com/wp-content/uploads/2012/08/Geodesic-Analysis-table-7.jpg]
[www.domerama.com/wp-content/uploads/2012/08/Geodesic-Analysis-table-8.jpg]
[www.domerama.com/wp-content/uploads/2012/08/Geodesic-Analysis-figure-4.jpg]
[www.domerama.com/wp-content/uploads/2012/08/Geodesic-Analysis-figure-5.jpg]
[www.domerama.com/wp-content/uploads/2012/08/Geodesic-Analysis-figure-5a.jpg]
[www.domerama.com/wp-content/uploads/2012/08/Geodesic-Analysis-table-9.jpg]
[www.domerama.com/wp-content/uploads/2012/08/Geodesic-Analysis-figure-7.jpg]
[www.domerama.com/wp-content/uploads/2012/08/Geodesic-Analysis-figure-8.jpg]
[www.domerama.com/wp-content/uploads/2012/08/Geodesic-Analysis-figure-9.jpg]
[www.domerama.com/wp-content/uploads/2012/08/Geodesic-Analysis-table-10.jpg]
[www.domerama.com/wp-content/uploads/2012/08/Geodesic-Analysis-figure-10.jpg]
[www.domerama.com/wp-content/uploads/2012/08/Geodesic-Analysis-figure-11.jpg]
[www.domerama.com/wp-content/uploads/2012/08/Geodesic-Analysis-figure-12.jpg]
[www.domerama.com/wp-content/uploads/2012/08/Geodesic-Analysis-table-11.jpg]
[www.domerama.com/wp-content/uploads/2012/08/Geodesic-Analysis-table-12.jpg]
[www.domerama.com/wp-content/uploads/2012/08/Geodesic-Analysis-figure-13.jpg]
[www.domerama.com/wp-content/uploads/2012/08/Geodesic-Analysis-figure-14-19.jpg]
[www.domerama.com/wp-content/uploads/2012/08/Geodesic-Analysis-overturning.jpg]
[www.domerama.com/wp-content/uploads/2012/08/Geodesic-Analysis-figure-20.jpg]
[www.domerama.com/wp-content/uploads/2012/08/Geodesic-Analysis-figure-211.jpg]
[www.domerama.com/wp-content/uploads/2012/08/Geodesic-Analysis-table-13.jpg]
[www.domerama.com/wp-content/uploads/2012/08/Geodesic-Analysis-table-14.jpg]
[www.domerama.com/wp-content/uploads/2012/08/geodesic-analysis-figure-22.jpg]
[www.domerama.com/wp-content/uploads/2012/08/Geodesic-Analysis-figure-23.jpg]
[www.domerama.com/wp-content/uploads/2012/08/geodesic-analysis-suspended-mass-from-center-of-beam.jpg]
[www.domerama.com/wp-content/uploads/2012/08/geodesic-analysis-table-15.jpg]
[www.domerama.com/calculators/geodesic-analysis/index.html]
[www.domerama.com/general/feed/index.html]
[www.domerama.com/wp-content/uploads/2012/01/thumb_general-120x90.jpg]
[www.domerama.com/wp-content/uploads/2011/12/thumb_videos-120x83.jpg]
[www.domerama.com/wp-content/uploads/2011/12/thumb_burningman-104x90.jpg]
[www.domerama.com/wp-content/uploads/2012/01/eden_project_f0-120x70.jpg]
[www.domerama.com/wp-content/uploads/2012/01/Tropicana_Field_From_Above-120x79.jpg]
[www.domerama.com/wp-content/uploads/2012/05/thumb_dome_projection-120x80.jpg]
[www.domerama.com/wp-content/uploads/2012/11/fi_sac_ge-84x90.jpg]
[www.domerama.com/wp-content/uploads/2012/12/santayana-77x90.jpg]
[www.domerama.com/general/index.html]
[www.domerama.com/wp-content/uploads/2012/08/thumb_hemi_projection-90x90.jpg]
[www.domerama.com/general/images/expo-67/index.html]
[www.domerama.com/types-of-domes/bamboo/bamboo-tunnel-polyhouse/index.html]
[www.domerama.com/general/eagle-rv/index.html]
[www.domerama.com/wp-content/uploads/2012/08/dome_projection_content_21-111x90.jpg]
[www.domerama.com/general/geodesic-dome-projection/hemispherical-dome-projection/index.html]
[www.domerama.com/wp-content/uploads/2012/08/how_to_do_geodesic_dome_projection_3-90x90.jpg]
[www.domerama.com/wp-content/uploads/2012/08/fulldome_logo-89x90.jpg]
[www.domerama.com/general/geodesic-dome-projection/creating-content-for-dome-projection/index.html]
[www.domerama.com/wp-content/uploads/2012/08/thumb_projection_tech-90x90.jpg]
[www.domerama.com/general/geodesic-dome-projection/how-to-project-in-a-dome/index.html]
[www.domerama.com/wp-content/uploads/2012/08/thumb_immersive_gaming-90x90.jpg]
[www.domerama.com/general/geodesic-dome-projection/what-is-a-fulldome/index.html]
[www.domerama.com/wp-content/uploads/2012/08/thumb_unity_dome-90x90.jpg]
[www.domerama.com/general/geodesic-dome-projection/technical-overview-of-dome-projection/index.html]
[www.domerama.com/wp-content/uploads/2012/08/Walther-Bauersfeld-67x90.jpg]
[www.domerama.com/general/geodesic-dome-projection/dome-immersive-gaming/index.html]
[i.ytimg.com/vi/5nJDdVWV_-A/0.jpg]
[www.domerama.com/general/geodesic-dome-projection/unity-and-the-idome/index.html]
[i.ytimg.com/vi/VyYk1DXMmNI/0.jpg]
[www.domerama.com/wp-content/uploads/2012/05/mirror_projection_configurations.jpg]
[i.ytimg.com/vi/_dA6xNcE8Hc/0.jpg]
[www.domerama.com/general/geodesic-dome-projection/walther-bauersfeld/index.html]
[www.domerama.com/wp-content/uploads/2012/05/projection_fisheye_lens.jpg]
[www.domerama.com/wp-content/uploads/2012/05/projection_fisheye_lens-300x258.jpg]
[www.domerama.com/wp-content/uploads/2012/05/mirrordome_01.jpg]
[www.domerama.com/wp-content/uploads/2012/05/mirrordome_01-300x224.jpg]
[www.domerama.com/wp-content/uploads/2012/05/WACPresentation.pdf]
[www.domerama.com/wp-content/uploads/2012/05/spherical_projection_pdf.jpg]
[www.domerama.com/wp-content/uploads/2012/05/planetarian.pdf]
[www.domerama.com/wp-content/uploads/2012/05/mirrordome_pdf.jpg]
[www.domerama.com/wp-content/uploads/2012/01/fulldome_discussion_group.jpg]
[www.domerama.com/wp-content/uploads/2012/01/small_planetarium_discussion_group.jpg]
[www.domerama.com/wp-content/uploads/2012/05/blackout_fabric.jpg]
[i.ytimg.com/vi/KnV-M1IIBcY/0.jpg]
[www.domerama.com/wp-content/plugins/wp-youtube-lyte/lyte/lyte-min1f61.js]
[www.domerama.com/general/geodesic-dome-projection/index.html]
[www.domerama.com/wp-content/plugins/wp-youtube-lyte/lyte/index.html]
[www.domerama.com/wp-content/uploads/2012/01/thumb_burningman.jpg]
[www.domerama.com/wp-content/uploads/2012/01/thumb_expo67.jpg]
[www.domerama.com/general/images/feed/index.html]
[www.domerama.com/wp-content/uploads/2012/01/thumb_general1-120x90.jpg]
[www.domerama.com/general/images/science-world/index.html]
[www.domerama.com/wp-content/uploads/2012/01/thumb_spaceship_earth1-120x90.jpg]
[www.domerama.com/general/images/burning-man/index.html]
[www.domerama.com/general/images/general-images/index.html]
[www.domerama.com/wp-content/uploads/2012/01/thumb_eden_project1-120x90.jpg]
[www.domerama.com/general/images/epcot/index.html]
[www.domerama.com/wp-content/uploads/2012/01/thumb_climatron1-120x90.jpg]
[www.domerama.com/general/images/eden-project/index.html]
[www.domerama.com/wp-content/uploads/2012/01/thumb_cinerama1-120x90.jpg]
[www.domerama.com/general/images/climatron/index.html]
[www.domerama.com/wp-content/uploads/2012/01/thumb__pacific_domes1-120x72.jpg]
[www.domerama.com/general/images/cinerama/index.html]
[www.domerama.com/wp-content/uploads/2012/01/Science_World_at_night1-120x90.jpg]
[www.domerama.com/wp-content/uploads/2012/07/thumb_yurts-120x90.jpg]
[www.domerama.com/general/images/index.html]
[www.domerama.com/general/images/pacific-domes/index.html]
[www.domerama.com/wp-content/uploads/2011/12/llyoyd_kahn1.jpg]
[www.domerama.com/general/images/yurts/index.html]
[www.domerama.com/geodesic-humor/index.html]
[www.domerama.com/wp-content/uploads/2012/12/santayana.gif]
[www.domerama.com/general/smart-but-not-wise/index.html]
[www.domerama.com/wp-content/uploads/2011/12/bigelow_banner.jpg]
[www.domerama.com/general/videos/feed/index.html]
[i.ytimg.com/vi/DE7Fyv4hokw/0.jpg]
[i.ytimg.com/vi/aM4R_PNbTEw/0.jpg]
[i.ytimg.com/vi/U32KTMtp5kU/0.jpg]
[i.ytimg.com/vi/dDlP3jwSVz4/0.jpg]
[i.ytimg.com/vi/H2k7JtPdaZo/0.jpg]
[i.ytimg.com/vi/QHQvkA_Mzkk/0.jpg]
[i.ytimg.com/vi/wVNctjZxINc/0.jpg]
[i.ytimg.com/vi/0ZeoAOOwrD8/0.jpg]
[i.ytimg.com/vi/hEyuv3Hfh6I/0.jpg]
[i.ytimg.com/vi/XaUCqb1WYTg/0.jpg]
[i.ytimg.com/vi/LwANJSB82Hk/0.jpg]
[i.ytimg.com/vi/LKCSectu1i4/0.jpg]
[i.ytimg.com/vi/c-5fVexeRPo/0.jpg]
[i.ytimg.com/vi/VAGbBQ1dNzk/0.jpg]
[i.ytimg.com/vi/FQzpp7ECLAU/0.jpg]
[i.ytimg.com/vi/Fyq0QRGcoGU/0.jpg]
[i.ytimg.com/vi/ZGavOtd10ao/0.jpg]
[i.ytimg.com/vi/_xBUMsG6xSA/0.jpg]
[i.ytimg.com/vi/5eYk2C0LL1k/0.jpg]
[i.ytimg.com/vi/pPZIUMmwnao/0.jpg]
[i.ytimg.com/vi/298zSQb3Zyk/0.jpg]
[i.ytimg.com/vi/LtpXBMp4nAM/0.jpg]
[i.ytimg.com/vi/J0olTNnt0G8/0.jpg]
[i.ytimg.com/vi/BYPRyHXgAZw/0.jpg]
[i.ytimg.com/vi/h6rCPEo2tcc/0.jpg]
[i.ytimg.com/vi/g46XXsBnbrw/0.jpg]
[i.ytimg.com/vi/2U6j83POo_0/0.jpg]
[i.ytimg.com/vi/TNv93IgQymA/0.jpg]
[i.ytimg.com/vi/WQPQn9TLpPY/0.jpg]
[i.ytimg.com/vi/zQSWB4L_lrI/0.jpg]
[i.ytimg.com/vi/wr-gLMje1pA/0.jpg]
[i.ytimg.com/vi/lRUEfCy4xOc/0.jpg]
[i.ytimg.com/vi/1USEj8XV0Lc/0.jpg]
[i.ytimg.com/vi/0k1LK6pmozs/0.jpg]
[i.ytimg.com/vi/ZQacfYW6eZQ/0.jpg]
[i.ytimg.com/vi/fX0Wv5HfIXg/0.jpg]
[i.ytimg.com/vi/0jm1PMU6jLk/0.jpg]
[i.ytimg.com/vi/0yM7Pd1Cpv0/0.jpg]
[i.ytimg.com/vi/DojjjDMwaAo/0.jpg]
[i.ytimg.com/vi/tH470es8WIc/0.jpg]
[i.ytimg.com/vi/I4NF8JPXtnU/0.jpg]
[i.ytimg.com/vi/WlCt2IFxCRE/0.jpg]
[www.domerama.com/general/videos/index.html]
[www.domerama.com/wp-content/uploads/2011/12/burning_man_2.jpg]
[www.domerama.com/general/what-is-burning-man/feed/index.html]
[www.domerama.com/wp-content/uploads/2011/12/burningman_logo.jpg]
[www.domerama.com/wp-content/uploads/2011/12/black_rock_desert.jpg]
[www.domerama.com/wp-content/uploads/2011/12/burning_man_dome_1-300x234.jpg]
[www.domerama.com/wp-content/uploads/2011/12/Burning_Man_aerial_large-800x600.jpg]
[www.domerama.com/general/what-is-burning-man/index.html]
[i.ytimg.com/vi/o5DlXFzj0SE/0.jpg]
[i.ytimg.com/vi/rx31y1KKK3E/0.jpg]
[i.ytimg.com/vi/Zyw3RhmRlsQ/0.jpg]
[i.ytimg.com/vi/jDLMPIEjwCY/0.jpg]
[i.ytimg.com/vi/xMOTotR_G6M/0.jpg]
[i.ytimg.com/vi/MR0RIGvv6es/0.jpg]
[i.ytimg.com/vi/JZvGbjeUymo/0.jpg]
[i.ytimg.com/vi/12m1FPheZa0/0.jpg]
[www.domerama.com/general/what-is-sacred-geometry/index.html]
[www.domerama.com/wp-content/uploads/2012/01/eden_project_f0.jpg]
[www.domerama.com/general/what-is-the-eden-project/feed/index.html]
[www.domerama.com/wp-content/uploads/2012/01/eden_project_f0-300x177.jpg]
[www.domerama.com/wp-content/uploads/2012/01/eden_project_f1.jpg]
[www.domerama.com/wp-content/uploads/2012/01/eden_project_f2.jpg]
[www.domerama.com/wp-content/uploads/2012/01/eden_project_f3.jpg]
[www.domerama.com/wp-content/uploads/2012/01/eden_project_f4.jpg]
[www.domerama.com/wp-content/uploads/2012/01/eden_project_f5.jpg]
[www.domerama.com/wp-content/uploads/2012/01/eden_project_f6.jpg]
[www.domerama.com/wp-content/uploads/2012/01/eden_project_f7.jpg]
[www.domerama.com/wp-content/uploads/2012/01/eden_project_f8.jpg]
[www.domerama.com/wp-content/uploads/2012/01/eden_project_f9.jpg]
[www.domerama.com/wp-content/uploads/2012/01/eden_project_f10.jpg]
[www.domerama.com/wp-content/uploads/2012/01/eden_project_f11.jpg]
[www.domerama.com/wp-content/uploads/2012/01/eden_project_f12.jpg]
[www.domerama.com/wp-content/uploads/2012/01/eden_project_f13.jpg]
[www.domerama.com/wp-content/uploads/2012/01/eden_project_f14-15.jpg]
[www.domerama.com/wp-content/uploads/2012/01/eden_project_f16.jpg]
[www.domerama.com/wp-content/uploads/2012/01/eden_project_f17.jpg]
[i.ytimg.com/vi/yqhlurptzbU/0.jpg]
[i.ytimg.com/vi/ldLw8_fwhvI/0.jpg]
[i.ytimg.com/vi/i6P3WWjk2vw/0.jpg]
[i.ytimg.com/vi/L66tZN051IU/0.jpg]
[i.ytimg.com/vi/Ub82Is39EaA/0.jpg]
[i.ytimg.com/vi/FPvZ9kFRG_Q/0.jpg]
[i.ytimg.com/vi/2c3jXgpmliQ/0.jpg]
[i.ytimg.com/vi/0JzmkbZsd6k/0.jpg]
[www.domerama.com/general/what-is-the-eden-project/index.html]
[www.domerama.com/wp-content/uploads/2012/01/sketchup_arenas.png]
[www.domerama.com/general/worlds-largest-domes/feed/index.html]
[www.domerama.com/wp-content/uploads/2012/01/Ooita_Stadium20090514.jpg]
[www.domerama.com/wp-content/uploads/2012/01/Ooita_Stadium20090514-300x199.jpg]
[www.domerama.com/types-of-domes/yurts/planning-your-yurt/index.html]
[www.domerama.com/wp-content/uploads/2012/01/Nantong_sports_center.jpg]
[www.domerama.com/wp-content/uploads/2012/01/Nantong_sports_center-300x197.jpg]
[www.domerama.com/wp-content/uploads/2012/01/Seibu_Dome_Panorama.jpg]
[www.domerama.com/wp-content/uploads/2012/01/Seibu_Dome_Panorama-300x185.jpg]
[www.domerama.com/wp-content/uploads/2012/01/Sapporo_Community_Dome.jpg]
[www.domerama.com/wp-content/uploads/2012/01/Sapporo_Community_Dome-300x168.jpg]
[www.domerama.com/wp-content/uploads/2012/01/Tropical_Island_-_von_oben_1.jpg]
[www.domerama.com/wp-content/uploads/2012/01/Tropical_Island_-_von_oben_1-300x225.jpg]
[www.domerama.com/wp-content/uploads/2012/01/Tropicana_Field_From_Above.jpg]
[www.domerama.com/wp-content/uploads/2012/01/Tropicana_Field_From_Above-300x199.jpg]
[www.domerama.com/wp-content/uploads/2012/01/Skydome-big.jpg]
[www.domerama.com/wp-content/uploads/2012/01/Skydome-big-300x238.jpg]
[www.domerama.com/wp-content/uploads/2012/01/Millennium_Dome_from_Greenwich.jpg]
[www.domerama.com/wp-content/uploads/2012/01/Millennium_Dome_from_Greenwich-300x183.jpg]
[www.domerama.com/wp-content/uploads/2012/01/LTU-Arena_Düsseldorf_2.jpg]
[www.domerama.com/wp-content/uploads/2012/01/LTU-Arena_Düsseldorf_2-300x118.jpg]
[www.domerama.com/wp-content/uploads/2012/01/cardinals_stadium.jpg]
[www.domerama.com/wp-content/uploads/2012/01/cardinals_stadium-300x223.jpg]
[www.domerama.com/wp-content/uploads/2012/01/Overlooking_the_Telstra_Dome.jpg]
[www.domerama.com/wp-content/uploads/2012/01/Overlooking_the_Telstra_Dome-300x213.jpg]
[www.domerama.com/wp-content/uploads/2012/01/Reliant_Stadium.jpg]
[www.domerama.com/wp-content/uploads/2012/01/Reliant_Stadium-300x225.jpg]
[www.domerama.com/wp-content/uploads/2012/01/735px-BC_Place_Opening_Day_2011-09-30.jpg]
[www.domerama.com/wp-content/uploads/2012/01/735px-BC_Place_Opening_Day_2011-09-30-300x244.jpg]
[www.domerama.com/wp-content/uploads/2012/01/800px-Minute_Maid_Park_outside_nima.jpg]
[www.domerama.com/wp-content/uploads/2012/01/800px-Minute_Maid_Park_outside_nima-300x185.jpg]
[www.domerama.com/wp-content/uploads/2012/01/800px-Nagoya_Dome_01.jpg]
[www.domerama.com/wp-content/uploads/2012/01/800px-Nagoya_Dome_01-300x225.jpg]
[www.domerama.com/wp-content/uploads/2012/01/800px-Veltins_Arena_T-Home_Cup.jpg]
[www.domerama.com/wp-content/uploads/2012/01/800px-Veltins_Arena_T-Home_Cup-300x201.jpg]
[www.domerama.com/wp-content/uploads/2012/01/800px-Georgia_Dome.jpg]
[www.domerama.com/wp-content/uploads/2012/01/800px-Georgia_Dome-300x225.jpg]
[www.domerama.com/wp-content/uploads/2012/01/800px-MIller_Park_May_25_2005.jpg]
[www.domerama.com/wp-content/uploads/2012/01/800px-MIller_Park_May_25_2005-300x186.jpg]
[www.domerama.com/wp-content/uploads/2012/01/Millennium_Stadium_Cardiff_-_geograph.org_.uk_-_1439180.jpg]
[www.domerama.com/wp-content/uploads/2012/01/Millennium_Stadium_Cardiff_-_geograph.org_.uk_-_1439180-300x225.jpg]
[www.domerama.com/wp-content/uploads/2012/01/Metrodome_with_new_roof.jpg]
[www.domerama.com/wp-content/uploads/2012/01/Metrodome_with_new_roof-300x225.jpg]
[www.domerama.com/wp-content/uploads/2012/01/800px-Amsterdam_ArenA_002.jpg]
[www.domerama.com/wp-content/uploads/2012/01/800px-Amsterdam_ArenA_002-300x179.jpg]
[www.domerama.com/wp-content/uploads/2012/01/800px-TokyoDome8946.jpg]
[www.domerama.com/wp-content/uploads/2012/01/800px-TokyoDome8946-300x199.jpg]
[www.domerama.com/wp-content/uploads/2012/01/800px-InsideRCADome.jpg]
[www.domerama.com/wp-content/uploads/2012/01/800px-InsideRCADome-300x225.jpg]
[www.domerama.com/wp-content/uploads/2012/01/800px-Alamodome_San_Antonio.jpg]
[www.domerama.com/wp-content/uploads/2012/01/800px-Alamodome_San_Antonio-300x174.jpg]
[www.domerama.com/wp-content/uploads/2012/01/800px-Superior_dome.jpg]
[www.domerama.com/wp-content/uploads/2012/01/800px-Superior_dome-300x84.jpg]
[www.domerama.com/wp-content/uploads/2012/01/698px-Tacoma_Dome.jpg]
[www.domerama.com/wp-content/uploads/2012/01/698px-Tacoma_Dome-300x257.jpg]
[www.domerama.com/wp-content/uploads/2012/01/800px-Ford_Field_2007.jpg]
[www.domerama.com/wp-content/uploads/2012/01/800px-Ford_Field_2007-300x225.jpg]
[www.domerama.com/wp-content/uploads/2012/01/MSU_Dome.jpg]
[www.domerama.com/wp-content/uploads/2012/01/MSU_Dome-300x200.jpg]
[www.domerama.com/wp-content/uploads/2012/01/800px-StaplesCenter051209.jpg]
[www.domerama.com/wp-content/uploads/2012/01/800px-StaplesCenter051209-300x199.jpg]
[www.domerama.com/wp-content/uploads/2012/01/800px-Gelredome.jpg]
[www.domerama.com/wp-content/uploads/2012/01/800px-Gelredome-300x225.jpg]
[www.domerama.com/wp-content/uploads/2012/01/800px-Madisonsquaregarden.jpg]
[www.domerama.com/wp-content/uploads/2012/01/800px-Madisonsquaregarden-300x201.jpg]
[www.domerama.com/wp-content/uploads/2012/01/800px-Pittsburgh-pennsylvania-mellon-arena-2007.jpg]
[www.domerama.com/wp-content/uploads/2012/01/800px-Pittsburgh-pennsylvania-mellon-arena-2007-300x208.jpg]
[www.domerama.com/wp-content/uploads/2012/01/long_beach_cruise_terminal.jpg]
[www.domerama.com/wp-content/uploads/2012/01/long_beach_cruise_terminal-300x199.jpg]
[www.domerama.com/wp-content/uploads/2012/01/800px-Pengrowth_Saddledome.jpg]
[www.domerama.com/wp-content/uploads/2012/01/800px-Pengrowth_Saddledome-300x199.jpg]
[www.domerama.com/wp-content/uploads/2012/01/800px-Globen_Stockholm_February_2007.jpg]
[www.domerama.com/wp-content/uploads/2012/01/800px-Globen_Stockholm_February_2007-300x211.jpg]
[www.domerama.com/wp-content/uploads/2012/01/800px-Eden_Project_Cornwall_England-29May2009.jpg]
[www.domerama.com/wp-content/uploads/2012/01/800px-Eden_Project_Cornwall_England-29May2009-300x199.jpg]
[www.domerama.com/wp-content/uploads/2012/01/800px-Superdome_Sydney.jpg]
[www.domerama.com/wp-content/uploads/2012/01/800px-Superdome_Sydney-300x116.jpg]
[www.domerama.com/wp-content/uploads/2012/01/800px-Palau_Sant_Jordi_Barcelona_Catalonia_2.jpg]
[www.domerama.com/wp-content/uploads/2012/01/800px-Palau_Sant_Jordi_Barcelona_Catalonia_2-300x225.jpg]
[www.domerama.com/wp-content/uploads/2012/01/800px-OAKA_Olympic_Velodrome.jpg]
[www.domerama.com/wp-content/uploads/2012/01/800px-OAKA_Olympic_Velodrome-300x185.jpg]
[www.domerama.com/wp-content/uploads/2012/01/800px-Osaka_Dome_by_MASA2.jpg]
[www.domerama.com/wp-content/uploads/2012/01/800px-Osaka_Dome_by_MASA2-300x225.jpg]
[www.domerama.com/wp-content/uploads/2012/01/800px-Olympic_Stadium_2_Montreal.jpg]
[www.domerama.com/wp-content/uploads/2012/01/800px-Olympic_Stadium_2_Montreal-300x225.jpg]
[www.domerama.com/wp-content/uploads/2012/01/800px-SeaGaia_-_Miyazaki_Ocean_Dome_-_inside.jpg]
[www.domerama.com/wp-content/uploads/2012/01/800px-SeaGaia_-_Miyazaki_Ocean_Dome_-_inside-300x199.jpg]
[www.domerama.com/general/worlds-largest-domes/index.html]
[www.domerama.com/wp-content/uploads/2011/11/thumb_frequency-90x90.jpg]
[www.domerama.com/wp-content/uploads/2011/11/thumb_classes-90x90.jpg]
[www.domerama.com/wp-content/uploads/2011/11/vertices-105x90.jpg]
[www.domerama.com/wp-content/uploads/2011/12/domedimensions_geodesic_hub-93x90.jpg]
[www.domerama.com/wp-content/uploads/2011/12/thumb_glossary-90x90.jpg]
[www.domerama.com/wp-content/uploads/2011/12/thumb_steel_glossary-90x90.jpg]
[www.domerama.com/wp-content/uploads/2011/12/domebook2_cover-78x90.jpg]
[www.domerama.com/wp-content/uploads/2011/12/patent_geodesic_domes-110x90.jpg]
[www.domerama.com/wp-content/uploads/2012/02/method_1_vs_kruchke-120x35.jpg]
[www.domerama.com/dome-basics/index.html]
[www.domerama.com/wp-content/uploads/2011/11/Icosahedron_class_11.jpg]
[www.domerama.com/wp-content/uploads/2011/11/Octahedron_class_21.jpg]
[www.domerama.com/wp-content/uploads/2011/11/Tetrahedron_class_31.jpg]
[www.domerama.com/dome-basics/classes-of-domes/index.html]
[www.domerama.com/wp-content/uploads/2011/12/domebook2_cover1.jpg]
[i.ytimg.com/vi/_xrKR2YUyH8/0.jpg]
[www.domerama.com/dome-basics/domebook-1-2/feed/index.html]
[i.ytimg.com/vi/2rZPpuVb9bg/0.jpg]
[www.domerama.com/dome-basics/domebook-1-2/index.html]
[www.domerama.com/wp-content/uploads/2011/11/frequencies_explained1.jpg]
[www.domerama.com/wp-content/uploads/2012/01/thumb_3v_38_assembly1.jpg]
[www.domerama.com/dome-basics/explaining-dome-frequency/index.html]
[www.domerama.com/wp-content/uploads/2011/11/1v_model_small1.jpg]
[www.domerama.com/wp-content/uploads/2011/11/2v_model_small1.jpg]
[www.domerama.com/wp-content/uploads/2011/11/338v_model_small11.jpg]
[www.domerama.com/wp-content/uploads/2011/11/358v_model_small1.jpg]
[www.domerama.com/wp-content/uploads/2011/11/4v_model_small1.jpg]
[www.domerama.com/wp-content/uploads/2011/11/538v_model_small1.jpg]
[www.domerama.com/wp-content/uploads/2011/11/558v_model_small1.jpg]
[www.domerama.com/wp-content/uploads/2011/11/6v_model_small1.jpg]
[www.domerama.com/wp-content/uploads/2011/11/vertices1.jpg]
[www.domerama.com/wp-content/uploads/2011/11/strut_with_bolts_2.jpg]
[www.domerama.com/wp-content/uploads/2011/11/strut_with_hub1.jpg]
[www.domerama.com/wp-content/uploads/2011/11/struts_connecting1.jpg]
[www.domerama.com/dome-basics/explaining-strut-length-vertex/index.html]
[www.domerama.com/wp-content/uploads/2011/12/geodesic.definitions.pdf]
[www.domerama.com/wp-content/uploads/2011/12/illustrated_geodesic_definitions.jpg]
[www.domerama.com/dome-basics/geodesic-glossary/feed/index.html]
[www.domerama.com/dome-basics/geodesic-glossary/index.html]
[www.domerama.com/wp-content/uploads/2011/12/geodesic-dome-hub-300x164.jpg]
[www.domerama.com/wp-content/uploads/2013/10/vertex_hub_medium-290x300.jpg]
[www.domerama.com/wp-content/uploads/2013/04/atlantic_geodesic_dome_hub_010-300x240.jpg]
[www.domerama.com/wp-content/uploads/2011/12/lotus_dome_connector.jpg]
[www.domerama.com/wp-content/uploads/2011/12/domedimensions_geodesic_hub.jpg]
[www.domerama.com/wp-content/uploads/2011/12/hc1-300x224.jpg]
[www.domerama.com/wp-content/uploads/2011/12/hc2.jpg]
[www.domerama.com/wp-content/uploads/2011/12/hc2-150x150.jpg]
[www.domerama.com/wp-content/uploads/2011/12/hc3.jpg]
[www.domerama.com/wp-content/uploads/2011/12/hc3-150x150.jpg]
[www.domerama.com/wp-content/uploads/2011/12/Fence_post_caps-300x225.jpg]
[www.domerama.com/wp-content/uploads/2011/12/tube_hub-300x153.jpg]
[www.domerama.com/wp-content/uploads/2011/12/sn21-300x144.jpg]
[www.domerama.com/wp-content/uploads/2011/12/Vitra_geodesic_dome_tubing-300x127.jpg]
[www.domerama.com/wp-content/uploads/2011/12/uspto1-300x164.jpg]
[www.domerama.com/wp-content/uploads/2011/12/hub6-002-exploded-view1-300x202.jpg]
[www.domerama.com/wp-content/uploads/2011/12/connector_orange.jpg]
[www.domerama.com/wp-content/uploads/2011/12/node-300x178.jpg]
[www.domerama.com/wp-content/uploads/2011/12/airhubs.jpg]
[www.domerama.com/wp-content/uploads/2011/12/jeff_easer_huib.jpg]
[www.domerama.com/wp-content/uploads/2011/12/sonostar_hubs.jpg]
[www.domerama.com/wp-content/uploads/2011/12/domekit_cc_hub.jpg]
[www.domerama.com/wp-content/uploads/2011/12/View_a_structural_geodesic_engineering_report.jpg]
[www.domerama.com/wp-content/uploads/2011/12/domemade1-300x225.jpg]
[www.domerama.com/wp-content/uploads/2011/12/domemade2.jpg]
[www.domerama.com/wp-content/uploads/2011/12/domemade2-150x150.jpg]
[www.domerama.com/wp-content/uploads/2011/12/domemade3.jpg]
[www.domerama.com/wp-content/uploads/2011/12/domemade3-150x150.jpg]
[www.domerama.com/wp-content/uploads/2011/12/domemade4.jpg]
[www.domerama.com/wp-content/uploads/2011/12/domemade4-150x150.jpg]
[www.domerama.com/wp-content/uploads/2011/12/steel_strap_geodesic_hub.jpg]
[www.domerama.com/wp-content/uploads/2011/12/t-blocking_geodesic_hub_system.jpg]
[www.domerama.com/wp-content/uploads/2011/12/Andrei-Saveliev-geodesic-hub-6-300x249.jpg]
[www.domerama.com/wp-content/uploads/2011/12/kit2-0_03-300x265.jpg]
[www.domerama.com/wp-content/uploads/2011/12/1.jpg]
[www.domerama.com/wp-content/uploads/2011/12/1-150x150.jpg]
[www.domerama.com/wp-content/uploads/2011/12/I-0ZwrMZoxQ.jpg]
[www.domerama.com/wp-content/uploads/2011/12/I-0ZwrMZoxQ-150x150.jpg]
[www.domerama.com/wp-content/uploads/2011/12/vkcDg0Lf7Tg.jpg]
[www.domerama.com/wp-content/uploads/2011/12/vkcDg0Lf7Tg-150x150.jpg]
[www.domerama.com/wp-content/uploads/2011/12/marko_branislav_hub.jpg]
[www.domerama.com/wp-content/uploads/2011/12/marko_branislav_hub-300x238.jpg]
[www.domerama.com/wp-content/uploads/2012/12/post_bamboo_hub_-300x225.jpg]
[www.domerama.com/wp-content/uploads/2011/12/how-to-joint-x-300x225.jpg]
[www.domerama.com/wp-content/uploads/2011/12/domerama_sergio_hub_design.jpg]
[www.domerama.com/wp-content/uploads/2011/12/stained_connection-300x199.jpg]
[www.domerama.com/dome-basics/geodesic-dome-hub-connectors/japanese-geodesic-hub-system-for-wood-struts/index.html]
[www.domerama.com/wp-content/uploads/2011/12/wood_hub-300x227.jpg]
[www.domerama.com/wp-content/uploads/2011/12/assem1a-300x184.jpg]
[www.domerama.com/wp-content/uploads/2011/12/starplate-300x136.jpg]
[www.domerama.com/wp-content/uploads/2011/12/protohub-300x160.jpg]
[www.domerama.com/wp-content/uploads/2011/12/dynadome_hub2.jpg]
[www.domerama.com/wp-content/uploads/2011/12/DIYGT62-300x162.jpg]
[www.domerama.com/wp-content/uploads/2011/12/russian2_large.jpg]
[www.domerama.com/wp-content/uploads/2011/12/russian2_large-300x164.jpg]
[www.domerama.com/wp-content/uploads/2011/12/taff_goch_hub.jpg]
[www.domerama.com/wp-content/uploads/2011/12/tube_hubs.jpg]
[www.domerama.com/wp-content/uploads/2011/12/IMG_0067-300x152.jpg]
[www.domerama.com/wp-content/uploads/2011/12/pd_ultralok-300x200.jpg]
[www.domerama.com/dome-basics/geodesic-dome-hub-connectors/index.html]
[www.domerama.com/wp-content/uploads/2011/12/patent_geodesic_domes.jpg]
[www.domerama.com/dome-basics/geodesic-patents/feed/index.html]
[www.domerama.com/wp-content/uploads/2011/12/patent_geodesic_domes-300x245.jpg]
[www.domerama.com/dome-basics/geodesic-patents/index.html]
[www.domerama.com/raising-a-dome/wood-deck/concrete-floor/index.html]
[www.domerama.com/wp-content/uploads/2012/02/geodesic_frequencies_vs_struts.jpg]
[www.domerama.com/dome-basics/odd-frequency-geodesic-domes-and-flat-base-at-the-hemisphere/feed/index.html]
[www.domerama.com/wp-content/uploads/2012/02/3v_38__58vs_sphere.jpg]
[www.domerama.com/calculators/3v-geodesic-dome-calculator/3v-38-flat-base-krushke-calculator/3v-38-krushke-assembly-diagram/index.html]
[www.domerama.com/wp-content/uploads/2012/02/3v_38_icosa-method1-vs-Fuller-Kruschke.jpg]
[www.domerama.com/dome-basics/odd-frequency-geodesic-domes-and-flat-base-at-the-hemisphere/index.html]
[www.domerama.com/dome-basics/steel-glossary/index.html]
[www.domerama.com/dome-basics/steel-glossary/feed/index.html]
[www.domerama.com/wp-content/uploads/2012/08/Goldberg_figure_7-111x90.jpg]
[www.domerama.com/raising-a-dome/wood-deck/wood-floors/index.html]
[www.domerama.com/wp-content/uploads/2012/08/structural_analysis-90x90.jpg]
[www.domerama.com/wp-content/uploads/2012/12/dome-homes-002_0018-120x77.jpg]
[www.domerama.com/tc-howard-trying-to-understand-his-anonymity/index.html]
[www.domerama.com/wp-content/uploads/2013/01/tom_davis_fig12-120x69.jpg]
[www.domerama.com/technical/index.html]
[www.domerama.com/technical/structural-analysis-of-domes-2/index.html]
[www.domerama.com/wp-content/uploads/2012/08/ClintonEqualEdge.pdf]
[www.domerama.com/technical/geodesic-domes-by-tom-davis/index.html]
[www.domerama.com/wp-content/uploads/2012/08/Goldberg_figure_1.jpg]
[www.domerama.com/wp-content/uploads/2012/08/Goldberg_figure_2.jpg]
[www.domerama.com/wp-content/uploads/2012/08/Goldberg_figure_3.jpg]
[www.domerama.com/wp-content/uploads/2012/08/Goldberg_figure_4.jpg]
[www.domerama.com/wp-content/uploads/2012/08/Goldberg_figure_5.jpg]
[www.domerama.com/wp-content/uploads/2012/08/Goldberg_figure_6.jpg]
[www.domerama.com/wp-content/uploads/2012/08/Goldberg_figure_7.jpg]
[www.domerama.com/wp-content/uploads/2012/08/Goldberg_figure_8.jpg]
[www.domerama.com/wp-content/uploads/2012/08/Goldberg_figure_9.jpg]
[www.domerama.com/wp-content/uploads/2012/08/Goldberg_table_1.jpg]
[www.domerama.com/wp-content/uploads/2012/08/Goldberg_table_2.jpg]
[www.domerama.com/wp-content/uploads/2012/08/Goldberg_table_3.jpg]
[www.domerama.com/wp-content/uploads/2012/08/Goldberg_figure_10.jpg]
[www.domerama.com/wp-content/uploads/2012/08/Goldberg_figure_11.jpg]
[www.domerama.com/wp-content/uploads/2012/08/Goldberg_figure_12.jpg]
[www.domerama.com/technical/clintons-equal-central-angle-conjecture/index.html]
[www.domerama.com/wp-content/uploads/2012/08/Marek_Kubik_report.pdf]
[www.domerama.com/technical/structural-analysis-of-geodesic-domes/index.html]
[www.domerama.com/wp-content/uploads/2011/12/small_silver_tarp-71x90.jpg]
[www.domerama.com/wp-content/uploads/2012/01/ng_logo-120x24.jpg]
[www.domerama.com/wp-content/uploads/2012/11/198px-Ethylen-Tetrafluorethylen.svg_-120x67.jpg]
[www.domerama.com/wp-content/uploads/2012/11/aluminet_energy_curtain-120x40.jpg]
[www.domerama.com/wp-content/uploads/2011/11/thumb_shrinkwrap-90x90.jpg]
[www.domerama.com/wp-content/uploads/2011/12/thumb_tyvek-90x90.jpg]
[www.domerama.com/wp-content/uploads/2011/11/thumb_polyethylene-90x90.jpg]
[www.domerama.com/wp-content/uploads/2011/11/thumb_plyosb-90x90.jpg]
[www.domerama.com/wp-content/uploads/2011/11/thumb_shingles-90x90.jpg]
[www.domerama.com/wp-content/uploads/2011/12/thumb_polycarbonate-90x90.jpg]
[www.domerama.com/wp-content/uploads/2011/11/thumb_parachute-90x90.jpg]
[www.domerama.com/coverings/index.html]
[www.domerama.com/wp-content/uploads/2011/12/coverings_main_section.png]
[www.domerama.com/coverings/canvas-tarps/feed/index.html]
[domerama.com/wp-content/uploads/2011/12/small_woven_poly_tarp.jpg]
[www.domerama.com/wp-content/uploads/2011/12/small_polymesh1.jpg]
[www.domerama.com/wp-content/uploads/2011/12/small_vinyl-tarp1.jpg]
[www.domerama.com/wp-content/uploads/2011/12/small_vinyl_mesh1.jpg]
[www.domerama.com/wp-content/uploads/2011/12/small_canvas1.jpg]
[www.domerama.com/wp-content/uploads/2011/12/small_fire_retardant1.jpg]
[www.domerama.com/wp-content/uploads/2011/12/small_glue_hh601.jpg]
[www.domerama.com/wp-content/uploads/2011/12/small_sewing_canvas1.jpg]
[i.ytimg.com/vi/ZLx3YEIjM68/0.jpg]
[i.ytimg.com/vi/KiY-sEHymP8/0.jpg]
[i.ytimg.com/vi/q0IYm4Wo_Ao/0.jpg]
[i.ytimg.com/vi/204jV50mT9U/0.jpg]
[i.ytimg.com/vi/-96bWzfMsQA/0.jpg]
[www.domerama.com/coverings/canvas-tarps/index.html]
[www.domerama.com/wp-content/uploads/2012/11/what_is_etfe_thumb2.jpg]
[www.domerama.com/coverings/etfe/what-is-etfe/index.html]
[www.domerama.com/wp-content/uploads/2012/11/etfe_projects_thumb.jpg]
[www.domerama.com/coverings/etfe/etfe-projects/index.html]
[www.domerama.com/wp-content/uploads/2012/11/etfe_specs_thumb.jpg]
[www.domerama.com/coverings/etfe/etfe-technical-specs/index.html]
[www.domerama.com/wp-content/uploads/2012/11/Biodome-covered-with-ETFE1-120x90.jpg]
[www.domerama.com/coverings/etfe/etfe-microdome/index.html]
[www.domerama.com/wp-content/uploads/2013/01/building_with_foil_image5-106x90.jpg]
[www.domerama.com/coverings/etfe/building-with-foil-cushions/index.html]
[www.domerama.com/wp-content/uploads/2013/01/etfe_design_guide_image3-107x90.jpg]
[www.domerama.com/coverings/etfe/design-guide-for-etfe-foil/index.html]
[www.domerama.com/wp-content/uploads/2012/11/198px-Ethylen-Tetrafluorethylen.svg_.png]
[www.domerama.com/wp-content/uploads/2012/11/800px-Eden_Project_geodesic_domes_panorama.jpg]
[www.domerama.com/coverings/etfe/index.html]
[www.domerama.com/wp-content/uploads/2012/01/ng_logo-300x62.jpg]
[www.domerama.com/coverings/woven-poly/index.html]
[www.domerama.com/wp-content/uploads/2011/12/aluminet301.jpg]
[www.domerama.com/wp-content/uploads/2011/12/aluminet401.jpg]
[www.domerama.com/wp-content/uploads/2011/12/aluminet501.jpg]
[www.domerama.com/wp-content/uploads/2011/12/aluminet601.jpg]
[www.domerama.com/wp-content/uploads/2011/12/aluminet701.jpg]
[www.domerama.com/wp-content/uploads/2011/12/grommetkit1.jpg]
[www.domerama.com/coverings/aluminet/aluminet-energy-curtains-and-thermal-refective-screens/index.html]
[www.domerama.com/wp-content/uploads/2011/12/grommetkit-150x1501.jpg]
[www.domerama.com/wp-content/uploads/2011/12/109921a-150x1501.jpg]
[www.domerama.com/wp-content/uploads/2011/12/107438c-150x1501.jpg]
[www.domerama.com/wp-content/uploads/2011/12/reinforcement_tape1.jpg]
[www.domerama.com/wp-content/uploads/2011/12/alumin_vs_black1.jpg]
[www.domerama.com/wp-content/uploads/2011/12/aluminet_sewing1.jpg]
[www.domerama.com/coverings/aluminet/index.html]
[i.ytimg.com/vi/5eOQxjZUj_A/0.jpg]
[www.domerama.com/wp-content/uploads/2011/11/shrink_wrap_colors1.jpg]
[www.domerama.com/wp-content/uploads/2011/11/shrnkfst_heat_gun1.jpg]
[www.domerama.com/wp-content/uploads/2011/11/riipack-2200-shrink-gun-extensions1.jpg]
[www.domerama.com/wp-content/uploads/2011/11/shrink_propane_kit1.jpg]
[www.domerama.com/wp-content/uploads/2011/11/shrink_wrap_tape1.jpg]
[www.domerama.com/coverings/shrink-wrap/index.html]
[www.domerama.com/wp-content/uploads/2011/12/tyvek_roll1.jpg]
[www.domerama.com/wp-content/uploads/2011/12/tyvek_dome1.jpg]
[www.domerama.com/wp-content/uploads/2011/12/tyvek_tape1.jpg]
[www.domerama.com/wp-content/uploads/2011/12/sewing_tyvek1.jpg]
[www.domerama.com/wp-content/uploads/2011/12/washmachine1.jpg]
[www.domerama.com/wp-content/uploads/2011/12/tyvek_banner1.jpg]
[www.domerama.com/coverings/tyvek/index.html]
[www.domerama.com/wp-content/uploads/2011/11/poly_batten_tape.jpg]
[www.domerama.com/wp-content/uploads/2011/12/109921a-150x150.jpg]
[www.domerama.com/wp-content/uploads/2011/12/107438c-150x150.jpg]
[www.domerama.com/wp-content/uploads/2011/11/poly_channel.jpg]
[www.domerama.com/wp-content/uploads/2011/11/polyfasteners.jpg]
[www.domerama.com/coverings/plastic-film/index.html]
[www.domerama.com/wp-content/uploads/2011/11/plywood_osb1.jpg]
[www.domerama.com/coverings/plywood-osb/index.html]
[www.domerama.com/wp-content/uploads/2011/11/roofing_reinke-300x177.jpg]
[www.domerama.com/wp-content/uploads/2011/11/roofing_prs1-300x206.jpg]
[www.domerama.com/wp-content/uploads/2011/11/3tab_shingles-300x174.jpg]
[www.domerama.com/wp-content/uploads/2011/11/architectural_shingles.jpg]
[www.domerama.com/coverings/shingles/index.html]
[www.domerama.com/wp-content/uploads/2011/12/sketchup_greenhouse.jpg]
[www.domerama.com/wp-content/uploads/2011/12/polycarbonate_colors.jpg]
[www.domerama.com/wp-content/uploads/2011/12/polycarbonate_layers.jpg]
[www.domerama.com/wp-content/uploads/2013/01/poly_h_channel-300x265.jpg]
[www.domerama.com/wp-content/uploads/2013/01/poly_h_channel_installation.jpg]
[i.ytimg.com/vi/-mwpawIedVY/0.jpg]
[i.ytimg.com/vi/Acg1Blg-IeA/0.jpg]
[i.ytimg.com/vi/wZMQvHlg3t8/0.jpg]
[www.domerama.com/coverings/polycarbonate-panels/index.html]
[www.domerama.com/wp-content/uploads/2011/11/color_chute1.jpg]
[www.domerama.com/wp-content/uploads/2011/11/parachute_shape.jpg]
[www.domerama.com/coverings/parachute/index.html]
[www.domerama.com/wp-content/uploads/2011/11/thumb_bamboo_dome-90x90.jpg]
[www.domerama.com/wp-content/uploads/2012/01/27-img_4706-120x90.jpg]
[www.domerama.com/wp-content/uploads/2012/01/yurt_aerodynamic-120x71.jpg]
[www.domerama.com/wp-content/uploads/2011/11/thumb_pool_cover-90x90.jpg]
[www.domerama.com/wp-content/uploads/2012/01/IMG_2050.JPG.scaled1000-120x90.jpg]
[www.domerama.com/wp-content/uploads/2012/03/Mixture-005-120x90.jpg]
[www.domerama.com/wp-content/uploads/2013/04/atlantic_020-120x84.jpg]
[www.domerama.com/wp-content/uploads/2012/08/pillow_dome_1-120x77.jpg]
[www.domerama.com/wp-content/uploads/2012/10/earthbag_cat-90x90.jpg]
[www.domerama.com/wp-content/uploads/2013/01/800px-All_hexayurts_web_dimensions-120x84.jpg]
[www.domerama.com/wp-content/uploads/2013/01/eco-camp-founders-120x84.jpg]
[www.domerama.com/wp-content/uploads/2013/06/IMG_1585-120x90.jpg]
[www.domerama.com/wp-content/uploads/2012/08/fi_event_domes-90x90.jpg]
[www.domerama.com/types-of-domes/index.html]
[www.domerama.com/wp-content/uploads/2012/04/13Note_the_Oil_Drum_PropA1-65x90.jpg]
[www.domerama.com/types-of-domes/geodesic-houseboats-coming-to-buffalos-waterfront/index.html]
[www.domerama.com/wp-content/uploads/2012/04/Roof_assembly-120x81.jpg]
[www.domerama.com/wp-content/uploads/2012/12/bamboo_building_material_image054-120x88.jpg]
[www.domerama.com/types-of-domes/bamboo/bamboo-dome-construction/index.html]
[i.ytimg.com/vi/7UWw7zRl5mw/0.jpg]
[www.domerama.com/types-of-domes/bamboo/bamboo-as-a-building-material/index.html]
[www.domerama.com/wp-content/uploads/2011/11/thumb_bamboo_dome.jpg]
[www.domerama.com/wp-content/uploads/2011/11/cutting_measuring1.jpg]
[www.domerama.com/wp-content/uploads/2011/11/cross_assembly1.jpg]
[www.domerama.com/wp-content/uploads/2011/11/cross_tying1.jpg]
[www.domerama.com/wp-content/uploads/2011/11/assembly_1a1.jpg]
[www.domerama.com/wp-content/uploads/2011/11/assembly_1b1.jpg]
[www.domerama.com/wp-content/uploads/2011/11/assembly_1c1.jpg]
[www.domerama.com/wp-content/uploads/2011/11/stage_21.jpg]
[www.domerama.com/wp-content/uploads/2011/11/stage_3_41.jpg]
[www.domerama.com/wp-content/uploads/2011/11/stage51.jpg]
[www.domerama.com/wp-content/uploads/2011/11/stage61.jpg]
[www.domerama.com/wp-content/uploads/2011/11/stage_7_81.jpg]
[www.domerama.com/types-of-domes/bamboo/index.html]
[www.domerama.com/wp-content/uploads/2012/12/earth-bag-construction-018-120x90.jpg]
[www.domerama.com/types-of-domes/earth-buildings/earthbag-construction-like-masonry-construction/index.html]
[www.domerama.com/wp-content/uploads/2012/10/culture_climate_materials_image5-120x90.jpg]
[www.domerama.com/wp-content/uploads/2012/10/earthquake_resistant_shelters_image1-111x90.jpg]
[www.domerama.com/types-of-domes/earth-buildings/climate-culture-materials/index.html]
[www.domerama.com/wp-content/uploads/2012/10/buildings_humid_tropics_image15-120x87.jpg]
[www.domerama.com/types-of-domes/earth-buildings/earthquake-resistant-shelters/index.html]
[www.domerama.com/wp-content/uploads/2012/11/haitian_wisdom_1_image20-111x90.jpg]
[www.domerama.com/types-of-domes/earth-buildings/buildings-for-humid-tropics/index.html]
[www.domerama.com/wp-content/uploads/2012/11/haitian_outbuilding-120x62.jpg]
[www.domerama.com/wp-content/uploads/2012/11/kay_haitian_housing_image14-99x90.jpg]
[www.domerama.com/types-of-domes/earth-buildings/haitian-wisdom-1/index.html]
[www.domerama.com/types-of-domes/earth-buildings/choosing-shelter-plans/index.html]
[www.domerama.com/wp-content/uploads/2012/11/choosing_room_size_image1-120x47.jpg]
[www.domerama.com/types-of-domes/earth-buildings/kay-haitian-housing/index.html]
[www.domerama.com/wp-content/uploads/2012/11/prismtest_clip_image002-120x78.jpg]
[www.domerama.com/types-of-domes/earth-buildings/choosing-room-size/index.html]
[www.domerama.com/wp-content/uploads/2012/12/Step-By-Step-Earthbag-Building-90x90.jpg]
[www.domerama.com/types-of-domes/earth-buildings/earthbag-testing/index.html]
[www.domerama.com/wp-content/uploads/2012/12/fi_mer-120x90.jpg]
[www.domerama.com/types-of-domes/earth-buildings/earth-building-videos/index.html]
[www.domerama.com/wp-content/uploads/2013/01/benefits_earthbag_buildings-120x74.jpg]
[www.domerama.com/types-of-domes/earth-buildings/merits-of-earthbag-buildings/index.html]
[www.domerama.com/wp-content/uploads/2012/12/earth-bag-building-002_0052-120x84.jpg]
[www.domerama.com/wp-content/uploads/2013/01/shear_strength_weak_cohesive_fill_Image1-98x90.jpg]
[www.domerama.com/types-of-domes/earth-buildings/benefits-of-earthbag-buildings/index.html]
[www.domerama.com/wp-content/uploads/2013/01/peru_earthen_build_code_image004-120x90.jpg]
[www.domerama.com/types-of-domes/earth-buildings/project-types-earthbag-homes-or-buildings/index.html]
[www.domerama.com/wp-content/uploads/2012/01/pse_b1.jpg]
[www.domerama.com/types-of-domes/earth-buildings/shear-strength-of-earthbag-wall-with-weak-cohesive-fill/index.html]
[www.domerama.com/types-of-domes/earth-buildings/index.html]
[www.domerama.com/wp-content/uploads/2013/01/eco_visit_logo.jpg]
[www.domerama.com/types-of-domes/earth-buildings/the-peruvian-building-code-for-earthen-building/index.html]
[www.domerama.com/wp-content/uploads/2013/01/activity_wildlife-safari2-120x84.jpg]
[www.domerama.com/wp-content/uploads/2013/01/ecocamp_standard_7067846991_30ec15f56c_h1-120x80.jpg]
[www.domerama.com/types-of-domes/geodesic-hotel/ecocamp-accomodations/ecocamp-superior-domes/index.html]
[www.domerama.com/wp-content/uploads/2013/01/ecocamp_google_map.jpg]
[www.domerama.com/types-of-domes/geodesic-hotel/ecocamp-accomodations/index.html]
[www.domerama.com/wp-content/uploads/2013/01/ecocamp_community_dome_7440953868_2fba44aef0_b1.jpg]
[www.domerama.com/types-of-domes/geodesic-hotel/ecocamps-green-commitment/index.html]
[www.domerama.com/wp-content/uploads/2013/01/ecocamp_monthly_temperatures.jpg]
[www.domerama.com/wp-content/uploads/2013/01/eco-camp-founders-300x210.jpg]
[www.domerama.com/wp-content/gallery/ecocamp-community-domes/community_dome_lunch.jpg]
[www.domerama.com/wp-content/gallery/ecocamp-community-domes/ecocamp_community_dome_5669837941_332a3d8f51_o.jpg]
[www.domerama.com/wp-content/gallery/ecocamp-community-domes/ecocamp_community_dome_5669860319_4949769202_o.jpg]
[www.domerama.com/wp-content/gallery/ecocamp-community-domes/ecocamp_community_dome_5669869579_e7cf19e24e_o.jpg]
[www.domerama.com/wp-content/gallery/ecocamp-community-domes/ecocamp_community_dome_5670408480_3d56b56544_o.jpg]
[www.domerama.com/wp-content/gallery/ecocamp-community-domes/ecocamp_community_dome_5670432318_c59d67f8fd_o.jpg]
[www.domerama.com/wp-content/gallery/ecocamp-community-domes/ecocamp_community_dome_5670436940_9854613c0d_o.jpg]
[www.domerama.com/wp-content/gallery/ecocamp-community-domes/ecocamp_community_dome_5670446920_6d141ee3f0_o.jpg]
[www.domerama.com/wp-content/gallery/ecocamp-community-domes/ecocamp_community_dome_6237239325_801b5bb3ab_o.jpg]
[www.domerama.com/wp-content/gallery/ecocamp-community-domes/ecocamp_community_dome_6928031842_67205dff94_h.jpg]
[www.domerama.com/wp-content/gallery/ecocamp-community-domes/ecocamp_community_dome_7074114963_e5f7f17bb8_h.jpg]
[www.domerama.com/wp-content/gallery/ecocamp-community-domes/ecocamp_community_dome_7221571726_91e712e334_b.jpg]
[www.domerama.com/wp-content/gallery/ecocamp-community-domes/ecocamp_community_dome_7440953868_2fba44aef0_b.jpg]
[www.domerama.com/wp-content/gallery/ecocamp-community-domes/ecocamp_community_dome_7440956266_bd8b219a09_b.jpg]
[www.domerama.com/wp-content/gallery/ecocamp-community-domes/ecocamp_community_dome_night-2.jpg]
[www.domerama.com/wp-content/gallery/ecocamp-community-domes/thumbs/thumbs_community_dome_lunch.jpg]
[www.domerama.com/wp-content/gallery/ecocamp-community-domes/thumbs/thumbs_ecocamp_community_dome_5669837941_332a3d8f51_o.jpg]
[www.domerama.com/wp-content/gallery/ecocamp-community-domes/thumbs/thumbs_ecocamp_community_dome_5669860319_4949769202_o.jpg]
[www.domerama.com/wp-content/gallery/ecocamp-community-domes/thumbs/thumbs_ecocamp_community_dome_5669869579_e7cf19e24e_o.jpg]
[www.domerama.com/wp-content/gallery/ecocamp-community-domes/thumbs/thumbs_ecocamp_community_dome_5670408480_3d56b56544_o.jpg]
[www.domerama.com/wp-content/gallery/ecocamp-community-domes/thumbs/thumbs_ecocamp_community_dome_5670432318_c59d67f8fd_o.jpg]
[www.domerama.com/wp-content/gallery/ecocamp-community-domes/thumbs/thumbs_ecocamp_community_dome_5670436940_9854613c0d_o.jpg]
[www.domerama.com/wp-content/gallery/ecocamp-community-domes/thumbs/thumbs_ecocamp_community_dome_5670446920_6d141ee3f0_o.jpg]
[www.domerama.com/wp-content/gallery/ecocamp-community-domes/thumbs/thumbs_ecocamp_community_dome_6237239325_801b5bb3ab_o.jpg]
[www.domerama.com/wp-content/gallery/ecocamp-community-domes/thumbs/thumbs_ecocamp_community_dome_6928031842_67205dff94_h.jpg]
[www.domerama.com/wp-content/gallery/ecocamp-community-domes/thumbs/thumbs_ecocamp_community_dome_7074114963_e5f7f17bb8_h.jpg]
[www.domerama.com/wp-content/gallery/ecocamp-community-domes/thumbs/thumbs_ecocamp_community_dome_7221571726_91e712e334_b.jpg]
[www.domerama.com/wp-content/gallery/ecocamp-community-domes/thumbs/thumbs_ecocamp_community_dome_7440953868_2fba44aef0_b.jpg]
[www.domerama.com/wp-content/gallery/ecocamp-community-domes/thumbs/thumbs_ecocamp_community_dome_7440956266_bd8b219a09_b.jpg]
[www.domerama.com/wp-content/gallery/ecocamp-community-domes/thumbs/thumbs_ecocamp_community_dome_night-2.jpg]
[www.domerama.com/wp-content/gallery/ecocamp-history/ecocamp_history_1.jpg]
[www.domerama.com/wp-content/gallery/ecocamp-history/ecocamp_history_10.jpg]
[www.domerama.com/wp-content/gallery/ecocamp-history/ecocamp_history_11.jpg]
[www.domerama.com/wp-content/gallery/ecocamp-history/ecocamp_history_12.jpg]
[www.domerama.com/wp-content/gallery/ecocamp-history/ecocamp_history_13.jpg]
[www.domerama.com/wp-content/gallery/ecocamp-history/ecocamp_history_14.jpg]
[www.domerama.com/wp-content/gallery/ecocamp-history/ecocamp_history_15.jpg]
[www.domerama.com/wp-content/gallery/ecocamp-history/ecocamp_history_16.jpg]
[www.domerama.com/wp-content/gallery/ecocamp-history/ecocamp_history_17.jpg]
[www.domerama.com/wp-content/gallery/ecocamp-history/ecocamp_history_18.jpg]
[www.domerama.com/wp-content/gallery/ecocamp-history/ecocamp_history_19.jpg]
[www.domerama.com/wp-content/gallery/ecocamp-history/ecocamp_history_2.jpg]
[www.domerama.com/wp-content/gallery/ecocamp-history/ecocamp_history_20.jpg]
[www.domerama.com/wp-content/gallery/ecocamp-history/ecocamp_history_21.jpg]
[www.domerama.com/wp-content/gallery/ecocamp-history/ecocamp_history_3.jpg]
[www.domerama.com/wp-content/gallery/ecocamp-history/ecocamp_history_4.jpg]
[www.domerama.com/wp-content/gallery/ecocamp-history/ecocamp_history_5.jpg]
[www.domerama.com/wp-content/gallery/ecocamp-history/ecocamp_history_6.jpg]
[www.domerama.com/wp-content/gallery/ecocamp-history/ecocamp_history_7.jpg]
[www.domerama.com/wp-content/gallery/ecocamp-history/ecocamp_history_8.jpg]
[www.domerama.com/wp-content/gallery/ecocamp-history/ecocamp_history_9.jpg]
[www.domerama.com/wp-content/gallery/ecocamp-history/thumbs/thumbs_ecocamp_history_1.jpg]
[www.domerama.com/wp-content/gallery/ecocamp-history/thumbs/thumbs_ecocamp_history_10.jpg]
[www.domerama.com/wp-content/gallery/ecocamp-history/thumbs/thumbs_ecocamp_history_11.jpg]
[www.domerama.com/wp-content/gallery/ecocamp-history/thumbs/thumbs_ecocamp_history_12.jpg]
[www.domerama.com/wp-content/gallery/ecocamp-history/thumbs/thumbs_ecocamp_history_14.jpg]
[www.domerama.com/wp-content/gallery/ecocamp-history/thumbs/thumbs_ecocamp_history_15.jpg]
[www.domerama.com/wp-content/gallery/ecocamp-history/thumbs/thumbs_ecocamp_history_16.jpg]
[www.domerama.com/wp-content/gallery/ecocamp-history/thumbs/thumbs_ecocamp_history_17.jpg]
[www.domerama.com/wp-content/gallery/ecocamp-history/thumbs/thumbs_ecocamp_history_18.jpg]
[www.domerama.com/wp-content/gallery/ecocamp-history/thumbs/thumbs_ecocamp_history_19.jpg]
[www.domerama.com/wp-content/gallery/ecocamp-history/thumbs/thumbs_ecocamp_history_2.jpg]
